Deploying multi-target app archive mta_archives/erp_1.0.0.mtar in org 516e5aaftrial / space dev as aayush.porwal@ccentrik.com...

Uploading 1 files...
  /home/user/projects/erp/mta_archives/erp_1.0.0.mtar
 0s  0 B / 46.85 MiB [----------------------------------------------------------------------------------------------------------------]   0.00% 0s  46.85 MiB / 46.85 MiB [==========================================================================================================] 100.00% 0s  46.85 MiB / 46.85 MiB [==========================================================================================================] 100.00% 0s  46.85 MiB / 46.85 MiB [==========================================================================================================] 100.00% 0s  46.85 MiB / 46.85 MiB [==========================================================================================================] 100.00% 1s  46.85 MiB / 46.85 MiB [==========================================================================================================] 100.00% 1s  46.85 MiB / 46.85 MiB [==========================================================================================================] 100.00% 1s  46.85 MiB / 46.85 MiB [=======================================================================================================] 100.00% 1s
OK
Operation ID: 4eb2ebf4-4df9-11f1-9118-eeee0a8c2755
Deploying in org "516e5aaftrial" and space "dev"
Detected MTA schema version: "3"
Parameter(s) "{erp-repo-host=[sap-cloud-service]}" are not supported in the specified scope, or referenced by any other entities. These parameters are not processed and will be lost after the operation completes. Further usage of these parameters might lead to unexpected results. Use at your own risk.
Detected deployed MTA with ID "erp" and version "1.0.0"
Detected new MTA version: "1.0.0"
Deployed MTA version: "1.0.0"
Processing service "erp-auth"...
Setting service "erp-auth" parameters from "xs-security.json"
Updating service "erp-auth"...
Processing service "erp-repo-runtime"...
Processing service "erp-destination-service"...
Processing service "erp-html5-service"...
Updating service "erp-destination-service"...
Processing service "erp-db"...
1 of 1 done
1 of 1 done
Updating application "erp-db-deployer"...
Service instance "erp-db" will not be rebound to application "erp-db-deployer" because the binding parameters are not modified
Uploading application "erp-db-deployer"...
Content of application "erp-db-deployer" is not changed - upload will be skipped.
Executing task "deploy" on application "erp-db-deployer"...
Updating application "erp-srv"...
Unbinding service instance "erp-auth" from application "erp-srv"...
Service key "erp-app-content-erp-auth-credentials" for service "erp-auth" already exists
Service key "erp-app-content-erp-destination-service-credentials" for service "erp-destination-service" already exists
Service key "erp-app-content-erp-repo-host-credentials" for service "erp-html5-service" already exists
Unbinding service instance "erp-destination-service" from application "erp-srv"...
Service instance "erp-db" will not be rebound to application "erp-srv" because the binding parameters are not modified
Uploading content module "erp-app-content" in target service "erp-repo-host"...
Deploying content module "erp-app-content" in target service "erp-repo-host"...
Binding service instance "erp-destination-service" to application "erp-srv"...
Binding service instance "erp-auth" to application "erp-srv"...
Uploading application "erp-srv"...
Content of application "erp-srv" is not changed - upload will be skipped.
Stopping application "erp-srv"...
Starting application "erp-srv"...
Application "erp-srv" started and available at "516e5aaftrial-dev-erp-srv.cfapps.us10-001.hana.ondemand.com"
Skipping deletion of services, because the command line option "--delete-services" is not specified.
Process finished.
Use "cf dmol -i 4eb2ebf4-4df9-11f1-9118-eeee0a8c2755" to download the logs of the process.
